// Jest Snapshot v1, https://goo.gl/fbAQLP

exports[`<Catalog /> render should be match markup 1`] = `
<section
  className="catalog"
>
  <h2
    className="catalog__title visually-hidden"
  >
    Catalog
  </h2>
  <ul
    className="catalog__genres-list"
  >
    <li
      className="catalog__genres-item catalog__genres-item--active"
    >
      <a
        className="catalog__genres-link"
        href="#"
        onClick={[Function]}
      >
        Dramas
      </a>
    </li>
    <li
      className="catalog__genres-item"
    >
      <a
        className="catalog__genres-link"
        href="#"
        onClick={[Function]}
      >
        Comedies
      </a>
    </li>
    <li
      className="catalog__genres-item"
    >
      <a
        className="catalog__genres-link"
        href="#"
        onClick={[Function]}
      >
        Kids & Family
      </a>
    </li>
  </ul>
  <div
    className="catalog__movies-list"
  >
    <article
      className="small-movie-card catalog__movies-card"
      onMouseEnter={[Function]}
      onMouseLeave={[Function]}
    >
      <a
        className="small-movie-card__link"
        href="/films/0"
        onClick={[Function]}
      >
        <div
          className="small-movie-card__image"
        >
          <video
            height="175"
            width="280"
          />
        </div>
        <h3
          className="small-movie-card__title"
        >
          The Grand Budapest Hotel
        </h3>
      </a>
    </article>
    <article
      className="small-movie-card catalog__movies-card"
      onMouseEnter={[Function]}
      onMouseLeave={[Function]}
    >
      <a
        className="small-movie-card__link"
        href="/films/1"
        onClick={[Function]}
      >
        <div
          className="small-movie-card__image"
        >
          <video
            height="175"
            width="280"
          />
        </div>
        <h3
          className="small-movie-card__title"
        >
          Bohemian Rhapsody
        </h3>
      </a>
    </article>
    <article
      className="small-movie-card catalog__movies-card"
      onMouseEnter={[Function]}
      onMouseLeave={[Function]}
    >
      <a
        className="small-movie-card__link"
        href="/films/2"
        onClick={[Function]}
      >
        <div
          className="small-movie-card__image"
        >
          <video
            height="175"
            width="280"
          />
        </div>
        <h3
          className="small-movie-card__title"
        >
          Macbeth
        </h3>
      </a>
    </article>
  </div>
  <div
    className="catalog__more"
  >
    <button
      className="catalog__button"
      onClick={[Function]}
      type="button"
    >
      Show more
    </button>
  </div>
</section>
`;
