// Jest Snapshot v1, https://goo.gl/fbAQLP

exports[`<MovieInfoReviews /> render should be match markup 1`] = `
<div
  className="movie-card__reviews movie-card__row"
>
  <div
    className="movie-card__reviews-col"
  >
    <div
      className="review"
    >
      <blockquote
        className="review__quote"
      >
        <p
          className="review__text"
        >
          Awesome text ...
        </p>
        <footer
          className="review__details"
        >
          <cite
            className="review__author"
          >
            Some Reviewer
          </cite>
          <time
            className="review__date"
            dateTime="2020-02-25T00:22:20.667Z"
          >
            February 25, 2020
          </time>
        </footer>
      </blockquote>
      <div
        className="review__rating"
      >
        8,2
      </div>
    </div>
  </div>
</div>
`;
