// Jest Snapshot v1, https://goo.gl/fbAQLP

exports[`<SmallMovieCards /> render should be match markup 1`] = `
<div
  className="catalog__movies-list"
>
  <article
    className="small-movie-card catalog__movies-card"
    onMouseEnter={[Function]}
    onMouseLeave={[Function]}
  >
    <a
      className="small-movie-card__link"
      href="/films/0"
      onClick={[Function]}
    >
      <div
        className="small-movie-card__image"
      >
        <video
          height="175"
          width="280"
        />
      </div>
      <h3
        className="small-movie-card__title"
      >
        The Grand Budapest Hotel
      </h3>
    </a>
  </article>
  <article
    className="small-movie-card catalog__movies-card"
    onMouseEnter={[Function]}
    onMouseLeave={[Function]}
  >
    <a
      className="small-movie-card__link"
      href="/films/1"
      onClick={[Function]}
    >
      <div
        className="small-movie-card__image"
      >
        <video
          height="175"
          width="280"
        />
      </div>
      <h3
        className="small-movie-card__title"
      >
        Bohemian Rhapsody
      </h3>
    </a>
  </article>
  <article
    className="small-movie-card catalog__movies-card"
    onMouseEnter={[Function]}
    onMouseLeave={[Function]}
  >
    <a
      className="small-movie-card__link"
      href="/films/2"
      onClick={[Function]}
    >
      <div
        className="small-movie-card__image"
      >
        <video
          height="175"
          width="280"
        />
      </div>
      <h3
        className="small-movie-card__title"
      >
        Macbeth
      </h3>
    </a>
  </article>
</div>
`;
