// Jest Snapshot v1, https://goo.gl/fbAQLP

exports[`<SmallMovieCardList /> render should be match markup 1`] = `
<div
  className="catalog__movies-list"
>
  <article
    className="small-movie-card catalog__movies-card"
    onMouseEnter={[Function]}
  >
    <div
      className="small-movie-card__image"
    >
      <img
        alt="Fantastic Beasts: The Crimes of Grindelwal"
        height="175"
        src="img/fantastic-beasts-the-crimes-of-grindelwald.jpg"
        width="280"
      />
    </div>
    <h3
      className="small-movie-card__title"
    >
      <a
        className="small-movie-card__link"
        href="movie-page.html"
        onClick={[Function]}
      >
        Fantastic Beasts: The Crimes of Grindelwal
      </a>
    </h3>
  </article>
  <article
    className="small-movie-card catalog__movies-card"
    onMouseEnter={[Function]}
  >
    <div
      className="small-movie-card__image"
    >
      <img
        alt="Bohemian Rhapsody"
        height="175"
        src="img/bohemian-rhapsody.jpg"
        width="280"
      />
    </div>
    <h3
      className="small-movie-card__title"
    >
      <a
        className="small-movie-card__link"
        href="movie-page.html"
        onClick={[Function]}
      >
        Bohemian Rhapsody
      </a>
    </h3>
  </article>
  <article
    className="small-movie-card catalog__movies-card"
    onMouseEnter={[Function]}
  >
    <div
      className="small-movie-card__image"
    >
      <img
        alt="Macbeth"
        height="175"
        src="img/macbeth.jpg"
        width="280"
      />
    </div>
    <h3
      className="small-movie-card__title"
    >
      <a
        className="small-movie-card__link"
        href="movie-page.html"
        onClick={[Function]}
      >
        Macbeth
      </a>
    </h3>
  </article>
</div>
`;
