// Jest Snapshot v1, https://goo.gl/fbAQLP

exports[`<MoviePage /> render should be match markup 1`] = `<p />`;
