// Jest Snapshot v1, https://goo.gl/fbAQLP

exports[`<PageNotFound /> render should be match markup 1`] = `
<div
  className="page-content"
  style={
    Object {
      "display": "flex",
      "flexDirection": "column",
      "height": "100vh",
    }
  }
>
  <div
    style={
      Object {
        "alignItems": "center",
        "color": "#dfcf77",
        "display": "flex",
        "fontSize": "30px",
        "fontWeight": "bold",
        "height": "100%",
        "justifyContent": "center",
        "width": "100%",
      }
    }
  >
    <p>
      Page not found
    </p>
  </div>
  <footer
    className="page-footer"
  >
    <div
      className="logo"
    >
      <a
        className="logo__link logo__link--light"
        href="/"
        onClick={[Function]}
      >
        <span
          className="logo__letter logo__letter--1"
        >
          W
        </span>
        <span
          className="logo__letter logo__letter--2"
        >
          T
        </span>
        <span
          className="logo__letter logo__letter--3"
        >
          W
        </span>
      </a>
    </div>
    <div
      className="copyright"
    >
      <p>
        Â© 2019 What to watch Ltd.
      </p>
    </div>
  </footer>
</div>
`;
