// Jest Snapshot v1, https://goo.gl/fbAQLP

exports[`<MovieDetailInfo /> render should be match markup 1`] = `
<div
  className="movie-card__wrap movie-card__translate-top"
>
  <div
    className="movie-card__info"
  >
    <div
      className="movie-card__poster movie-card__poster--big"
    >
      <img
        alt="The Grand Budapest Hotel poster"
        height="327"
        src="/img/the-grand-budapest-hotel-poster.jpg"
        width="218"
      />
    </div>
    <div
      className="movie-card__desc"
    >
      <nav
        className="movie-nav movie-card__nav"
      >
        <ul
          className="movie-nav__list"
        >
          <li
            className="movie-nav__item movie-nav__item--active"
          >
            <a
              className="movie-nav__link"
              data-index={0}
              href="#"
              onClick={[Function]}
            >
              Overview
            </a>
          </li>
          <li
            className="movie-nav__item "
          >
            <a
              className="movie-nav__link"
              data-index={1}
              href="#"
              onClick={[Function]}
            >
              Details
            </a>
          </li>
          <li
            className="movie-nav__item "
          >
            <a
              className="movie-nav__link"
              data-index={2}
              href="#"
              onClick={[Function]}
            >
              Reviews
            </a>
          </li>
        </ul>
      </nav>
      <div
        className="movie-rating"
      >
        <div
          className="movie-rating__score"
        >
          8,9
        </div>
        <p
          className="movie-rating__meta"
        >
          <span
            className="movie-rating__level"
          >
            Very good
          </span>
          <span
            className="movie-rating__count"
          >
            240 ratings
          </span>
        </p>
      </div>
      <div
        className="movie-card__text"
      >
        <p>
          Description
        </p>
        <p>
          Story
        </p>
        <p
          className="movie-card__director"
        >
          <strong>
            Director: 
            Wes Andreson
          </strong>
        </p>
        <p
          className="movie-card__starring"
        >
          <strong>
            Starring: 
            Bill Murray, Edward Norton, Jude Law, Willem Dafoe and other
          </strong>
        </p>
      </div>
    </div>
  </div>
</div>
`;
