// Jest Snapshot v1, https://goo.gl/fbAQLP

exports[`<ProtectedRoute /> render should be match markup 1`] = `null`;
