// Jest Snapshot v1, https://goo.gl/fbAQLP

exports[`<App /> render should be match markup 1`] = `
<div
  style={
    Object {
      "color": "#dfcf77",
      "fontSize": "30px",
      "fontWeight": "bold",
      "height": "100%",
      "width": "100%",
    }
  }
>
  loading
</div>
`;
