// Jest Snapshot v1, https://goo.gl/fbAQLP

exports[`<SmallMovieCard /> render should be match markup 1`] = `
<article
  className="small-movie-card catalog__movies-card"
  onMouseEnter={[Function]}
  onMouseLeave={[Function]}
>
  <a
    className="small-movie-card__link"
    href="/films/0"
    onClick={[Function]}
  >
    <div
      className="small-movie-card__image"
    >
      <video
        height="175"
        width="280"
      />
    </div>
    <h3
      className="small-movie-card__title"
    >
      The Grand Budapest Hotel
    </h3>
  </a>
</article>
`;
